[aisolutions61.godaddysites.com/index.html]
[backblue.gif]
[fade.gif]
[index.html]
[aisolutions61.godaddysites.com/manifest.webmanifest]
[aisolutions61.godaddysites.com/sw.js]
[aisolutions61.godaddysites.com/frontier-ai-tools.html]
[aisolutions61.godaddysites.com/top10-ai-code-generate.html]
[aisolutions61.godaddysites.com/top10-ai-email-generators.html]
[aisolutions61.godaddysites.com/top10-ai-image-generate.html]
[aisolutions61.godaddysites.com/top10-ai-video-generator.html]
[aisolutions61.godaddysites.com/top10-ai-writing-generate.html]
[aisolutions61.godaddysites.com/stuff-picked-for-all-user.html]
[aisolutions61.godaddysites.com/ai-solution-for-writing.html]
[aisolutions61.godaddysites.com/ai-solusion-for-seo.html]
[aisolutions61.godaddysites.com/ai-solution-for-videos.html]
[aisolutions61.godaddysites.com/ai-solution-for-conten.html]
[aisolutions61.godaddysites.com/ai-solution-for-images.html]
[aisolutions61.godaddysites.com/ai-domain.html]
[aisolutions61.godaddysites.com/private-policy.html]
[img1.wsimg.com/blobby/go/853a72ce-af92-467e-ad51-70445f661548/gpub/a5293db49e46319a/script.js]
[img1.wsimg.com/blobby/go/853a72ce-af92-467e-ad51-70445f661548/gpub/a556b36a0def9c4e/script.js]
[aisolutions61.godaddysites.com/index.html]
[aisolutions61.godaddysites.com/frontier-ai-tools.html]
[img1.wsimg.com/blobby/go/853a72ce-af92-467e-ad51-70445f661548/gpub/d9b96435c71df48a/script.js]
[img1.wsimg.com/blobby/go/853a72ce-af92-467e-ad51-70445f661548/gpub/54ce7314a8873193/script.js]
[aisolutions61.godaddysites.com/top10-ai-code-generate.html]
[aisolutions61.godaddysites.com/top10-ai-email-generators.html]
[img1.wsimg.com/blobby/go/853a72ce-af92-467e-ad51-70445f661548/gpub/dbda4c53d5b4fbb9/script.js]
[img1.wsimg.com/blobby/go/853a72ce-af92-467e-ad51-70445f661548/gpub/e9f3614698b90545/script.js]
[aisolutions61.godaddysites.com/top10-ai-image-generate.html]
[aisolutions61.godaddysites.com/top10-ai-video-generator.html]
[img1.wsimg.com/blobby/go/853a72ce-af92-467e-ad51-70445f661548/gpub/5fa8c23bbff7f698/script.js]
[img1.wsimg.com/blobby/go/853a72ce-af92-467e-ad51-70445f661548/gpub/24ca1b4dfb0ab7e6/script.js]
[aisolutions61.godaddysites.com/top10-ai-writing-generate.html]
[aisolutions61.godaddysites.com/stuff-picked-for-all-user.html]
[img1.wsimg.com/blobby/go/853a72ce-af92-467e-ad51-70445f661548/gpub/3fa4a79a9e4d36a5/script.js]
[aisolutions61.godaddysites.com/ai-solution-for-writing.html]
[img1.wsimg.com/blobby/go/853a72ce-af92-467e-ad51-70445f661548/gpub/ca69aecb8c47ffa0/script.js]
[aisolutions61.godaddysites.com/ai-solusion-for-seo.html]
[img1.wsimg.com/blobby/go/853a72ce-af92-467e-ad51-70445f661548/gpub/32eb9f1f97104963/script.js]
[aisolutions61.godaddysites.com/ai-solution-for-videos.html]
[img1.wsimg.com/blobby/go/853a72ce-af92-467e-ad51-70445f661548/gpub/f80a92f82d9a688e/script.js]
[aisolutions61.godaddysites.com/ai-solution-for-conten.html]
[img1.wsimg.com/blobby/go/853a72ce-af92-467e-ad51-70445f661548/gpub/d4b19621a24d5033/script.js]
[aisolutions61.godaddysites.com/ai-solution-for-images.html]
[img1.wsimg.com/blobby/go/853a72ce-af92-467e-ad51-70445f661548/gpub/573d36f2c95eb190/script.js]
[aisolutions61.godaddysites.com/ai-domain.html]
[img1.wsimg.com/poly/v3/polyfill.mincc30.js]
[img1.wsimg.com/ceph-p3-01/website-builder-data-prod/static/widgets/UX.4.37.7.js]
[img1.wsimg.com/blobby/go/853a72ce-af92-467e-ad51-70445f661548/gpub/695483b311a10644/script.js]
[aisolutions61.godaddysites.com/private-policy.html]
[img1.wsimg.com/blobby/go/853a72ce-af92-467e-ad51-70445f661548/gpub/13c9aa58d00973b1/script.js]
